#
# There is insufficient memory for the Java Runtime Environment to continue.
# Native memory allocation (malloc) failed to allocate 469936 bytes. Error detail: Chunk::new
# Possible reasons:
#   The system is out of physical RAM or swap space
#   This process is running with CompressedOops enabled, and the Java Heap may be blocking the growth of the native heap
# Possible solutions:
#   Reduce memory load on the system
#   Increase physical memory or swap space
#   Check if swap backing store is full
#   Decrease Java heap size (-Xmx/-Xms)
#   Decrease number of Java threads
#   Decrease Java thread stack sizes (-Xss)
#   Set larger code cache with -XX:ReservedCodeCacheSize=
#   JVM is running with Unscaled Compressed Oops mode in which the Java heap is
#     placed in the first 4GB address space. The Java Heap base address is the
#     maximum limit for the native heap growth. Please use -XX:HeapBaseMinAddress
#     to set the Java Heap base and to place the Java Heap above 4GB virtual address.
# This output file may be truncated or incomplete.
#
#  Out of Memory Error (arena.cpp:168), pid=60368, tid=62472
#
# JRE version: OpenJDK Runtime Environment Temurin-21.0.6+7 (21.0.6+7) (build 21.0.6+7-LTS)
# Java VM: OpenJDK 64-Bit Server VM Temurin-21.0.6+7 (21.0.6+7-LTS, mixed mode, sharing, tiered, compressed oops, compressed class ptrs, g1 gc, windows-amd64)
# No core dump will be written. Minidumps are not enabled by default on client versions of Windows
#

---------------  S U M M A R Y ------------

Command Line: -ea -Dfile.encoding=UTF-8 -Dstdout.encoding=UTF-8 -Dstderr.encoding=UTF-8 -XX:+ShowCodeDetailsInExceptionMessages org.testng.remote.RemoteTestNG -serport 63510 -protocol json -d D:\Cucumber\CucumberWorkSpace\NagarPalikaRawatsar\test-output C:\Users\welcome\AppData\Local\Temp\testng-eclipse-1468230594\testng-customsuite.xml

Host: Intel(R) Core(TM) i5-5200U CPU @ 2.20GHz, 4 cores, 7G,  Windows 10 , 64 bit Build 19041 (10.0.19041.5915)
Time: Mon Sep 28 17:05:41 2026 India Standard Time elapsed time: 1072.071584 seconds (0d 0h 17m 52s)

---------------  T H R E A D  ---------------

Current thread (0x000002502ec72660):  JavaThread "C2 CompilerThread0" daemon [_thread_in_native, id=62472, stack(0x000000c9ed000000,0x000000c9ed100000) (1024K)]


Current CompileTask:
C2:1072071 7520   !   4       jdk.internal.net.http.Http1AsyncReceiver::flush (382 bytes)

Stack: [0x000000c9ed000000,0x000000c9ed100000]
Native frames: (J=compiled Java code, j=interpreted, Vv=VM code, C=native code)
V  [jvm.dll+0x6cdee9]
V  [jvm.dll+0x8a83d1]
V  [jvm.dll+0x8aa8fe]
V  [jvm.dll+0x8aafe3]
V  [jvm.dll+0x27f706]
V  [jvm.dll+0xc500d]
V  [jvm.dll+0xc5543]
V  [jvm.dll+0x2f2acd]
V  [jvm.dll+0x5f6a2a]
V  [jvm.dll+0x250bb2]
V  [jvm.dll+0x24908e]
V  [jvm.dll+0x246ec4]
V  [jvm.dll+0x1c75ee]
V  [jvm.dll+0x25685a]
V  [jvm.dll+0x254dfa]
V  [jvm.dll+0x3f0256]
V  [jvm.dll+0x851f8b]
V  [jvm.dll+0x6cc5ed]
C  [ucrtbase.dll+0x21bb2]
C  [KERNEL32.DLL+0x17374]
C  [ntdll.dll+0x4cc91]


---------------  P R O C E S S  ---------------

Threads class SMR info:
_java_thread_list=0x000002507690b920, length=41, elements={
0x000002501761fe90, 0x000002502ec69a20, 0x000002502ec6be80, 0x000002502ec6f9f0,
0x000002502ec70440, 0x000002502ec70e90, 0x000002502ec718e0, 0x000002502ec72660,
0x000002507404eac0, 0x00000250741264b0, 0x00000250741334c0, 0x0000025074926d70,
0x000002507558e720, 0x0000025074052c00, 0x0000025074054cd0, 0x0000025074057430,
0x00000250740587e0, 0x0000025074056080, 0x0000025075357270, 0x0000025075354b10,
0x0000025075356550, 0x0000025074055360, 0x0000025074056710, 0x0000025074053290,
0x0000025074053fb0, 0x00000250740559f0, 0x0000025074056da0, 0x0000025074051ee0,
0x00000250753551a0, 0x0000025075355830, 0x0000025075355ec0, 0x00000250753530d0,
0x0000025075356be0, 0x0000025075357f90, 0x0000025075358620, 0x0000025075353760,
0x0000025075351690, 0x0000025075351d20, 0x00000250753523b0, 0x0000025075352a40,
0x0000025075353df0
}

Java Threads: ( => current thread )
  0x000002501761fe90 JavaThread "main"                              [_thread_in_Java, id=62892, stack(0x000000c9ec200000,0x000000c9ec300000) (1024K)]
  0x000002502ec69a20 JavaThread "Reference Handler"          daemon [_thread_blocked, id=63844, stack(0x000000c9eca00000,0x000000c9ecb00000) (1024K)]
  0x000002502ec6be80 JavaThread "Finalizer"                  daemon [_thread_blocked, id=62668, stack(0x000000c9ecb00000,0x000000c9ecc00000) (1024K)]
  0x000002502ec6f9f0 JavaThread "Signal Dispatcher"          daemon [_thread_blocked, id=57656, stack(0x000000c9ecc00000,0x000000c9ecd00000) (1024K)]
  0x000002502ec70440 JavaThread "Attach Listener"            daemon [_thread_blocked, id=61804, stack(0x000000c9ecd00000,0x000000c9ece00000) (1024K)]
  0x000002502ec70e90 JavaThread "Service Thread"             daemon [_thread_blocked, id=61756, stack(0x000000c9ece00000,0x000000c9ecf00000) (1024K)]
  0x000002502ec718e0 JavaThread "Monitor Deflation Thread"   daemon [_thread_blocked, id=25688, stack(0x000000c9ecf00000,0x000000c9ed000000) (1024K)]
=>0x000002502ec72660 JavaThread "C2 CompilerThread0"         daemon [_thread_in_native, id=62472, stack(0x000000c9ed000000,0x000000c9ed100000) (1024K)]
  0x000002507404eac0 JavaThread "C1 CompilerThread0"         daemon [_thread_blocked, id=61320, stack(0x000000c9ed100000,0x000000c9ed200000) (1024K)]
  0x00000250741264b0 JavaThread "Notification Thread"        daemon [_thread_blocked, id=51012, stack(0x000000c9ed200000,0x000000c9ed300000) (1024K)]
  0x00000250741334c0 JavaThread "Common-Cleaner"             daemon [_thread_blocked, id=64064, stack(0x000000c9ed300000,0x000000c9ed400000) (1024K)]
  0x0000025074926d70 JavaThread "ReaderThread"                      [_thread_in_native, id=62052, stack(0x000000c9ed600000,0x000000c9ed700000) (1024K)]
  0x000002507558e720 JavaThread "HttpClient-1-SelectorManager" daemon [_thread_in_native, id=62488, stack(0x000000c9edb00000,0x000000c9edc00000) (1024K)]
  0x0000025074052c00 JavaThread "HttpClient-19-SelectorManager" daemon [_thread_in_native, id=16224, stack(0x000000c9ec100000,0x000000c9ec200000) (1024K)]
  0x0000025074054cd0 JavaThread "Thread-56"                         [_thread_in_native, id=63732, stack(0x000000c9eda00000,0x000000c9edb00000) (1024K)]
  0x0000025074057430 JavaThread "Driver Service Executor"    daemon [_thread_blocked, id=50668, stack(0x000000c9edc00000,0x000000c9edd00000) (1024K)]
  0x00000250740587e0 JavaThread "Driver Service Executor"    daemon [_thread_blocked, id=53468, stack(0x000000c9edd00000,0x000000c9ede00000) (1024K)]
  0x0000025074056080 JavaThread "HttpClient-20-SelectorManager" daemon [_thread_in_native, id=53416, stack(0x000000c9ec000000,0x000000c9ec100000) (1024K)]
  0x0000025075357270 JavaThread "HttpClient-53-SelectorManager" daemon [_thread_in_native, id=61180, stack(0x000000c9ebf00000,0x000000c9ec000000) (1024K)]
  0x0000025075354b10 JavaThread "HttpClient-55-SelectorManager" daemon [_thread_in_native, id=65484, stack(0x000000c9ede00000,0x000000c9edf00000) (1024K)]
  0x0000025075356550 JavaThread "HttpClient-56-SelectorManager" daemon [_thread_in_native, id=64052, stack(0x000000c9ed400000,0x000000c9ed500000) (1024K)]
  0x0000025074055360 JavaThread "pool-57-thread-6"                  [_thread_blocked, id=63208, stack(0x000000c9edf00000,0x000000c9ee000000) (1024K)]
  0x0000025074056710 JavaThread "pool-57-thread-7"                  [_thread_blocked, id=58016, stack(0x000000c9ee200000,0x000000c9ee300000) (1024K)]
  0x0000025074053290 JavaThread "ForkJoinPool.commonPool-worker-5" daemon [_thread_blocked, id=64764, stack(0x000000c9ee300000,0x000000c9ee400000) (1024K)]
  0x0000025074053fb0 JavaThread "pool-57-thread-8"                  [_thread_blocked, id=64392, stack(0x000000c9ee800000,0x000000c9ee900000) (1024K)]
  0x00000250740559f0 JavaThread "UrlChecker-4"               daemon [_thread_blocked, id=63704, stack(0x000000c9ee900000,0x000000c9eea00000) (1024K)]
  0x0000025074056da0 JavaThread "HttpClient-58-SelectorManager" daemon [_thread_in_native, id=56844, stack(0x000000c9ee000000,0x000000c9ee100000) (1024K)]
  0x0000025074051ee0 JavaThread "Keep-Alive-Timer"           daemon [_thread_blocked, id=63696, stack(0x000000c9ee700000,0x000000c9ee800000) (1024K)]
  0x00000250753551a0 JavaThread "HttpClient-59-SelectorManager" daemon [_thread_in_native, id=64536, stack(0x000000c9eec00000,0x000000c9eed00000) (1024K)]
  0x0000025075355830 JavaThread "HttpClient-60-SelectorManager" daemon [_thread_in_native, id=63896, stack(0x000000c9ee100000,0x000000c9ee200000) (1024K)]
  0x0000025075355ec0 JavaThread "HttpClient-62-SelectorManager" daemon [_thread_in_native, id=65084, stack(0x000000c9ee400000,0x000000c9ee500000) (1024K)]
  0x00000250753530d0 JavaThread "Thread-184"                        [_thread_in_native, id=10536, stack(0x000000c9ee500000,0x000000c9ee600000) (1024K)]
  0x0000025075356be0 JavaThread "Driver Service Executor"    daemon [_thread_blocked, id=65104, stack(0x000000c9ee600000,0x000000c9ee700000) (1024K)]
  0x0000025075357f90 JavaThread "Driver Service Executor"    daemon [_thread_in_native, id=65456, stack(0x000000c9eea00000,0x000000c9eeb00000) (1024K)]
  0x0000025075358620 JavaThread "pool-63-thread-1"                  [_thread_blocked, id=64588, stack(0x000000c9eeb00000,0x000000c9eec00000) (1024K)]
  0x0000025075353760 JavaThread "pool-63-thread-2"                  [_thread_blocked, id=59988, stack(0x000000c9eed00000,0x000000c9eee00000) (1024K)]
  0x0000025075351690 JavaThread "HttpClient-63-SelectorManager" daemon [_thread_in_native, id=65032, stack(0x000000c9eee00000,0x000000c9eef00000) (1024K)]
  0x0000025075351d20 JavaThread "pool-64-thread-1"                  [_thread_blocked, id=63060, stack(0x000000c9eef00000,0x000000c9ef000000) (1024K)]
  0x00000250753523b0 JavaThread "pool-64-thread-2"                  [_thread_blocked, id=64716, stack(0x000000c9ef000000,0x000000c9ef100000) (1024K)]
  0x0000025075352a40 JavaThread "pool-64-thread-3"                  [_thread_blocked, id=63296, stack(0x000000c9ef100000,0x000000c9ef200000) (1024K)]
  0x0000025075353df0 JavaThread "pool-64-thread-4"                  [_thread_blocked, id=62684, stack(0x000000c9ef200000,0x000000c9ef300000) (1024K)]
Total: 41

Other Threads:
  0x000002502ec4c790 VMThread "VM Thread"                           [id=60720, stack(0x000000c9ec900000,0x000000c9eca00000) (1024K)]
  0x000002502ec37990 WatcherThread "VM Periodic Task Thread"        [id=54992, stack(0x000000c9ec800000,0x000000c9ec900000) (1024K)]
  0x0000025017674cd0 WorkerThread "GC Thread#0"                     [id=54948, stack(0x000000c9ec300000,0x000000c9ec400000) (1024K)]
  0x0000025075371ac0 WorkerThread "GC Thread#1"                     [id=60808, stack(0x000000c9ed700000,0x000000c9ed800000) (1024K)]
  0x00000250751bf640 WorkerThread "GC Thread#2"                     [id=34040, stack(0x000000c9ed800000,0x000000c9ed900000) (1024K)]
  0x00000250751bf9e0 WorkerThread "GC Thread#3"                     [id=58824, stack(0x000000c9ed900000,0x000000c9eda00000) (1024K)]
  0x0000025017686150 ConcurrentGCThread "G1 Main Marker"            [id=60768, stack(0x000000c9ec400000,0x000000c9ec500000) (1024K)]
  0x0000025017687e00 WorkerThread "G1 Conc#0"                       [id=64452, stack(0x000000c9ec500000,0x000000c9ec600000) (1024K)]
  0x00000250176deba0 ConcurrentGCThread "G1 Refine#0"               [id=61508, stack(0x000000c9ec600000,0x000000c9ec700000) (1024K)]
  0x000002502eaf86a0 ConcurrentGCThread "G1 Service"                [id=60232, stack(0x000000c9ec700000,0x000000c9ec800000) (1024K)]
Total: 10

Threads with active compile tasks:
C2 CompilerThread0  1072116 7520   !   4       jdk.internal.net.http.Http1AsyncReceiver::flush (382 bytes)
Total: 1

VM state: not at safepoint (normal execution)

VM Mutex/Monitor currently owned by a thread: None

OutOfMemory and StackOverflow Exception counts:
OutOfMemoryError java_heap_errors=1
LinkageErrors=94

Heap address: 0x0000000081400000, size: 2028 MB, Compressed Oops mode: 32-bit

CDS archive(s) mapped at: [0x000002502f000000-0x000002502fc80000-0x000002502fc80000), size 13107200, SharedBaseAddress: 0x000002502f000000, ArchiveRelocationMode: 1.
Compressed class space mapped at: 0x0000025030000000-0x0000025070000000, reserved size: 1073741824
Narrow klass base: 0x000002502f000000, Narrow klass shift: 0, Narrow klass range: 0x100000000

GC Precious Log:
 CardTable entry size: 512
 Card Set container configuration: InlinePtr #cards 5 size 8 Array Of Cards #cards 12 size 40 Howl #buckets 4 coarsen threshold 1843 Howl Bitmap #cards 512 size 80 coarsen threshold 460 Card regions per heap region 1 cards per card region 2048
 CPUs: 4 total, 4 available
 Memory: 8107M
 Large Page Support: Disabled
 NUMA Support: Disabled
 Compressed Oops: Enabled (32-bit)
 Heap Region Size: 1M
 Heap Min Capacity: 8M
 Heap Initial Capacity: 128M
 Heap Max Capacity: 2028M
 Pre-touch: Disabled
 Parallel Workers: 4
 Concurrent Workers: 1
 Concurrent Refinement Workers: 4
 Periodic GC: Disabled

Heap:
 garbage-first heap   total 48128K, used 33526K [0x0000000081400000, 0x0000000100000000)
  region size 1024K, 18 young (18432K), 2 survivors (2048K)
 Metaspace       used 34611K, committed 35072K, reserved 1114112K
  class space    used 4011K, committed 4224K, reserved 1048576K

Heap Regions: E=young(eden), S=young(survivor), O=old, HS=humongous(starts), HC=humongous(continues), CS=collection set, F=free, TAMS=top-at-mark-start, PB=parsable bottom
|   0|0x0000000081400000, 0x0000000081500000, 0x0000000081500000|100%| O|  |TAMS 0x0000000081400000| PB 0x0000000081400000| Untracked 
|   1|0x0000000081500000, 0x0000000081600000, 0x0000000081600000|100%| O|  |TAMS 0x0000000081500000| PB 0x0000000081500000| Untracked 
|   2|0x0000000081600000, 0x0000000081700000, 0x0000000081700000|100%| O|  |TAMS 0x0000000081600000| PB 0x0000000081600000| Untracked 
|   3|0x0000000081700000, 0x0000000081800000, 0x0000000081800000|100%| O|  |TAMS 0x0000000081700000| PB 0x0000000081700000| Untracked 
|   4|0x0000000081800000, 0x0000000081900000, 0x0000000081900000|100%| O|  |TAMS 0x0000000081800000| PB 0x0000000081800000| Untracked 
|   5|0x0000000081900000, 0x0000000081a00000, 0x0000000081a00000|100%| O|  |TAMS 0x0000000081900000| PB 0x0000000081900000| Untracked 
|   6|0x0000000081a00000, 0x0000000081b00000, 0x0000000081b00000|100%| O|  |TAMS 0x0000000081a00000| PB 0x0000000081a00000| Untracked 
|   7|0x0000000081b00000, 0x0000000081c00000, 0x0000000081c00000|100%| O|  |TAMS 0x0000000081b00000| PB 0x0000000081b00000| Untracked 
|   8|0x0000000081c00000, 0x0000000081d00000, 0x0000000081d00000|100%| O|  |TAMS 0x0000000081c00000| PB 0x0000000081c00000| Untracked 
|   9|0x0000000081d00000, 0x0000000081e00000, 0x0000000081e00000|100%| O|  |TAMS 0x0000000081d00000| PB 0x0000000081d00000| Untracked 
|  10|0x0000000081e00000, 0x0000000081f00000, 0x0000000081f00000|100%| O|  |TAMS 0x0000000081e00000| PB 0x0000000081e00000| Untracked 
|  11|0x0000000081f00000, 0x0000000082000000, 0x0000000082000000|100%| O|  |TAMS 0x0000000081f00000| PB 0x0000000081f00000| Untracked 
|  12|0x0000000082000000, 0x0000000082100000, 0x0000000082100000|100%| O|  |TAMS 0x0000000082000000| PB 0x0000000082000000| Untracked 
|  13|0x0000000082100000, 0x0000000082200000, 0x0000000082200000|100%| O|  |TAMS 0x0000000082100000| PB 0x0000000082100000| Untracked 
|  14|0x0000000082200000, 0x0000000082300000, 0x0000000082300000|100%| O|  |TAMS 0x0000000082200000| PB 0x0000000082200000| Untracked 
|  15|0x0000000082300000, 0x0000000082400000, 0x0000000082400000|100%| O|  |TAMS 0x0000000082300000| PB 0x0000000082300000| Untracked 
|  16|0x0000000082400000, 0x0000000082415920, 0x0000000082500000|  8%| O|  |TAMS 0x0000000082400000| PB 0x0000000082400000| Untracked 
|  17|0x0000000082500000, 0x0000000082500000, 0x0000000082600000|  0%| F|  |TAMS 0x0000000082500000| PB 0x0000000082500000| Untracked 
|  18|0x0000000082600000, 0x0000000082600000, 0x0000000082700000|  0%| F|  |TAMS 0x0000000082600000| PB 0x0000000082600000| Untracked 
|  19|0x0000000082700000, 0x0000000082800000, 0x0000000082800000|100%| O|  |TAMS 0x0000000082700000| PB 0x0000000082700000| Untracked 
|  20|0x0000000082800000, 0x0000000082800000, 0x0000000082900000|  0%| F|  |TAMS 0x0000000082800000| PB 0x0000000082800000| Untracked 
|  21|0x0000000082900000, 0x0000000082900000, 0x0000000082a00000|  0%| F|  |TAMS 0x0000000082900000| PB 0x0000000082900000| Untracked 
|  22|0x0000000082a00000, 0x0000000082aa7f40, 0x0000000082b00000| 65%| S|CS|TAMS 0x0000000082a00000| PB 0x0000000082a00000| Complete 
|  23|0x0000000082b00000, 0x0000000082b00000, 0x0000000082c00000|  0%| F|  |TAMS 0x0000000082b00000| PB 0x0000000082b00000| Untracked 
|  24|0x0000000082c00000, 0x0000000082d00000, 0x0000000082d00000|100%| S|CS|TAMS 0x0000000082c00000| PB 0x0000000082c00000| Complete 
|  25|0x0000000082d00000, 0x0000000082d00000, 0x0000000082e00000|  0%| F|  |TAMS 0x0000000082d00000| PB 0x0000000082d00000| Untracked 
|  26|0x0000000082e00000, 0x0000000082e00000, 0x0000000082f00000|  0%| F|  |TAMS 0x0000000082e00000| PB 0x0000000082e00000| Untracked 
|  27|0x0000000082f00000, 0x0000000082f00000, 0x0000000083000000|  0%| F|  |TAMS 0x0000000082f00000| PB 0x0000000082f00000| Untracked 
|  28|0x0000000083000000, 0x0000000083000000, 0x0000000083100000|  0%| F|  |TAMS 0x0000000083000000| PB 0x0000000083000000| Untracked 
|  29|0x0000000083100000, 0x0000000083100000, 0x0000000083200000|  0%| F|  |TAMS 0x0000000083100000| PB 0x0000000083100000| Untracked 
|  30|0x0000000083200000, 0x000000008325ca30, 0x0000000083300000| 36%| E|  |TAMS 0x0000000083200000| PB 0x0000000083200000| Complete 
|  31|0x0000000083300000, 0x0000000083400000, 0x0000000083400000|100%| E|CS|TAMS 0x0000000083300000| PB 0x0000000083300000| Complete 
|  32|0x0000000083400000, 0x0000000083500000, 0x0000000083500000|100%| E|CS|TAMS 0x0000000083400000| PB 0x0000000083400000| Complete 
|  33|0x0000000083500000, 0x0000000083600000, 0x0000000083600000|100%| E|CS|TAMS 0x0000000083500000| PB 0x0000000083500000| Complete 
|  34|0x0000000083600000, 0x0000000083700000, 0x0000000083700000|100%| E|CS|TAMS 0x0000000083600000| PB 0x0000000083600000| Complete 
|  35|0x0000000083700000, 0x0000000083800000, 0x0000000083800000|100%| E|CS|TAMS 0x0000000083700000| PB 0x0000000083700000| Complete 
|  36|0x0000000083800000, 0x0000000083900000, 0x0000000083900000|100%| E|CS|TAMS 0x0000000083800000| PB 0x0000000083800000| Complete 
|  37|0x0000000083900000, 0x0000000083a00000, 0x0000000083a00000|100%| E|CS|TAMS 0x0000000083900000| PB 0x0000000083900000| Complete 
|  38|0x0000000083a00000, 0x0000000083b00000, 0x0000000083b00000|100%| E|CS|TAMS 0x0000000083a00000| PB 0x0000000083a00000| Complete 
|  39|0x0000000083b00000, 0x0000000083c00000, 0x0000000083c00000|100%| E|CS|TAMS 0x0000000083b00000| PB 0x0000000083b00000| Complete 
|  83|0x0000000086700000, 0x0000000086800000, 0x0000000086800000|100%| E|  |TAMS 0x0000000086700000| PB 0x0000000086700000| Complete 
|  84|0x0000000086800000, 0x0000000086900000, 0x0000000086900000|100%| E|CS|TAMS 0x0000000086800000| PB 0x0000000086800000| Complete 
|  85|0x0000000086900000, 0x0000000086a00000, 0x0000000086a00000|100%| E|CS|TAMS 0x0000000086900000| PB 0x0000000086900000| Complete 
|  86|0x0000000086a00000, 0x0000000086b00000, 0x0000000086b00000|100%| E|CS|TAMS 0x0000000086a00000| PB 0x0000000086a00000| Complete 
|  87|0x0000000086b00000, 0x0000000086c00000, 0x0000000086c00000|100%| E|CS|TAMS 0x0000000086b00000| PB 0x0000000086b00000| Complete 
|  88|0x0000000086c00000, 0x0000000086d00000, 0x0000000086d00000|100%| E|CS|TAMS 0x0000000086c00000| PB 0x0000000086c00000| Complete 
|  89|0x0000000086d00000, 0x0000000086e00000, 0x0000000086e00000|100%| E|CS|TAMS 0x0000000086d00000| PB 0x0000000086d00000| Complete 

Card table byte_map: [0x000002502a3b0000,0x000002502a7b0000] _byte_map_base: 0x0000025029fa6000

Marking Bits: (CMBitMap*) 0x0000025017675af0
 Bits: [0x000002502a7b0000, 0x000002502c760000)

Polling page: 0x00000250154b0000

Metaspace:

Usage:
  Non-class:     29.88 MB used.
      Class:      3.92 MB used.
       Both:     33.80 MB used.

Virtual space:
  Non-class space:       64.00 MB reserved,      30.12 MB ( 47%) committed,  1 nodes.
      Class space:        1.00 GB reserved,       4.12 MB ( <1%) committed,  1 nodes.
             Both:        1.06 GB reserved,      34.25 MB (  3%) committed. 

Chunk freelists:
   Non-Class:  1.47 MB
       Class:  11.89 MB
        Both:  13.36 MB

MaxMetaspaceSize: unlimited
CompressedClassSpaceSize: 1.00 GB
Initial GC threshold: 21.00 MB
Current GC threshold: 35.12 MB
CDS: on
 - commit_granule_bytes: 65536.
 - commit_granule_words: 8192.
 - virtual_space_node_default_size: 8388608.
 - enlarge_chunks_in_place: 1.
 - use_allocation_guard: 0.


Internal statistics:

num_allocs_failed_limit: 3.
num_arena_births: 568.
num_arena_deaths: 0.
num_vsnodes_births: 2.
num_vsnodes_deaths: 0.
num_space_committed: 548.
num_space_uncommitted: 0.
num_chunks_returned_to_freelist: 3.
num_chunks_taken_from_freelist: 1581.
num_chunk_merges: 3.
num_chunk_splits: 1023.
num_chunks_enlarged: 721.
num_inconsistent_stats: 0.

CodeHeap 'non-profiled nmethods': size=120000Kb used=3743Kb max_used=3743Kb free=116256Kb
 bounds [0x0000025022a80000, 0x0000025022e30000, 0x0000025029fb0000]
CodeHeap 'profiled nmethods': size=120000Kb used=15635Kb max_used=15635Kb free=104364Kb
 bounds [0x000002501afb0000, 0x000002501bf00000, 0x00000250224e0000]
CodeHeap 'non-nmethods': size=5760Kb used=1620Kb max_used=1667Kb free=4139Kb
 bounds [0x00000250224e0000, 0x0000025022750000, 0x0000025022a80000]
 total_blobs=8195 nmethods=7527 adapters=572
 compilation: enabled
              stopped_count=0, restarted_count=0
 full_count=0

Compilation events (20 events):
Event: 1071.238 Thread 0x000002507404eac0 nmethod 7514 0x000002501beed090 code [0x000002501beed2c0, 0x000002501beedad8]
Event: 1071.238 Thread 0x000002507404eac0 7515       3       sun.nio.cs.UTF_8$Encoder::isLegalReplacement (26 bytes)
Event: 1071.238 Thread 0x000002507404eac0 nmethod 7515 0x000002501beedd90 code [0x000002501beedf40, 0x000002501beee160]
Event: 1071.238 Thread 0x000002507404eac0 7516       1       org.openqa.selenium.AcceptedW3CCapabilityKeys::lambda$static$0 (2 bytes)
Event: 1071.239 Thread 0x000002507404eac0 nmethod 7516 0x0000025022e27a90 code [0x0000025022e27c20, 0x0000025022e27cc8]
Event: 1071.240 Thread 0x000002507404eac0 7517       3       sun.net.ext.ExtendedSocketOptions::isOptionSupported (11 bytes)
Event: 1071.240 Thread 0x000002507404eac0 nmethod 7517 0x000002501beee290 code [0x000002501beee440, 0x000002501beee630]
Event: 1071.240 Thread 0x000002507404eac0 7518       3       sun.nio.ch.SocketOptionRegistry$RegistryKey::equals (48 bytes)
Event: 1071.240 Thread 0x000002507404eac0 nmethod 7518 0x000002501beee710 code [0x000002501beee8e0, 0x000002501beeed60]
Event: 1071.240 Thread 0x000002507404eac0 7519       3       sun.nio.ch.SocketChannelImpl::isNetSocket (26 bytes)
Event: 1071.240 Thread 0x000002507404eac0 nmethod 7519 0x000002501beeee10 code [0x000002501beeefc0, 0x000002501beef168]
Event: 1072.006 Thread 0x000002502ec72660 7520   !   4       jdk.internal.net.http.Http1AsyncReceiver::flush (382 bytes)
Event: 1072.008 Thread 0x000002507404eac0 7521       3       java.util.concurrent.CompletableFuture$Completion::exec (8 bytes)
Event: 1072.008 Thread 0x000002507404eac0 nmethod 7521 0x000002501beef210 code [0x000002501beef3c0, 0x000002501beef5a0]
Event: 1072.014 Thread 0x000002507404eac0 7522       3       java.util.LinkedHashSet::<init> (28 bytes)
Event: 1072.014 Thread 0x000002507404eac0 nmethod 7522 0x000002501beef690 code [0x000002501beef8c0, 0x000002501beefd68]
Event: 1072.014 Thread 0x000002507404eac0 7523       3       org.openqa.selenium.json.Json::<init> (16 bytes)
Event: 1072.015 Thread 0x000002507404eac0 nmethod 7523 0x000002501beeff10 code [0x000002501bef0120, 0x000002501bef06a0]
Event: 1072.015 Thread 0x000002507404eac0 7524       3       org.openqa.selenium.json.JsonTypeCoercer::<init> (12 bytes)
Event: 1072.015 Thread 0x000002507404eac0 nmethod 7524 0x000002501bef0890 code [0x000002501bef0a80, 0x000002501bef0e78]

GC Heap History (20 events):
Event: 110.849 GC heap before
{Heap before GC invocations=10 (full 0):
 garbage-first heap   total 48128K, used 39983K [0x0000000081400000, 0x0000000100000000)
  region size 1024K, 23 young (23552K), 1 survivors (1024K)
 Metaspace       used 33363K, committed 33856K, reserved 1114112K
  class space    used 3995K, committed 4224K, reserved 1048576K
}
Event: 110.851 GC heap after
{Heap after GC invocations=11 (full 0):
 garbage-first heap   total 48128K, used 18331K [0x0000000081400000, 0x0000000100000000)
  region size 1024K, 1 young (1024K), 1 survivors (1024K)
 Metaspace       used 33363K, committed 33856K, reserved 1114112K
  class space    used 3995K, committed 4224K, reserved 1048576K
}
Event: 133.370 GC heap before
{Heap before GC invocations=11 (full 0):
 garbage-first heap   total 48128K, used 40859K [0x0000000081400000, 0x0000000100000000)
  region size 1024K, 24 young (24576K), 1 survivors (1024K)
 Metaspace       used 33544K, committed 33984K, reserved 1114112K
  class space    used 3998K, committed 4224K, reserved 1048576K
}
Event: 133.373 GC heap after
{Heap after GC invocations=12 (full 0):
 garbage-first heap   total 48128K, used 18518K [0x0000000081400000, 0x0000000100000000)
  region size 1024K, 1 young (1024K), 1 survivors (1024K)
 Metaspace       used 33544K, committed 33984K, reserved 1114112K
  class space    used 3998K, committed 4224K, reserved 1048576K
}
Event: 162.517 GC heap before
{Heap before GC invocations=12 (full 0):
 garbage-first heap   total 48128K, used 42070K [0x0000000081400000, 0x0000000100000000)
  region size 1024K, 24 young (24576K), 1 survivors (1024K)
 Metaspace       used 33735K, committed 34240K, reserved 1114112K
  class space    used 4001K, committed 4224K, reserved 1048576K
}
Event: 162.520 GC heap after
{Heap after GC invocations=13 (full 0):
 garbage-first heap   total 48128K, used 18709K [0x0000000081400000, 0x0000000100000000)
  region size 1024K, 2 young (2048K), 2 survivors (2048K)
 Metaspace       used 33735K, committed 34240K, reserved 1114112K
  class space    used 4001K, committed 4224K, reserved 1048576K
}
Event: 185.041 GC heap before
{Heap before GC invocations=13 (full 0):
 garbage-first heap   total 48128K, used 40213K [0x0000000081400000, 0x0000000100000000)
  region size 1024K, 24 young (24576K), 2 survivors (2048K)
 Metaspace       used 33974K, committed 34496K, reserved 1114112K
  class space    used 4001K, committed 4224K, reserved 1048576K
}
Event: 185.044 GC heap after
{Heap after GC invocations=14 (full 0):
 garbage-first heap   total 48128K, used 18791K [0x0000000081400000, 0x0000000100000000)
  region size 1024K, 2 young (2048K), 2 survivors (2048K)
 Metaspace       used 33974K, committed 34496K, reserved 1114112K
  class space    used 4001K, committed 4224K, reserved 1048576K
}
Event: 206.539 GC heap before
{Heap before GC invocations=14 (full 0):
 garbage-first heap   total 48128K, used 40295K [0x0000000081400000, 0x0000000100000000)
  region size 1024K, 24 young (24576K), 2 survivors (2048K)
 Metaspace       used 34129K, committed 34624K, reserved 1114112K
  class space    used 4001K, committed 4224K, reserved 1048576K
}
Event: 206.543 GC heap after
{Heap after GC invocations=15 (full 0):
 garbage-first heap   total 48128K, used 18987K [0x0000000081400000, 0x0000000100000000)
  region size 1024K, 2 young (2048K), 2 survivors (2048K)
 Metaspace       used 34129K, committed 34624K, reserved 1114112K
  class space    used 4001K, committed 4224K, reserved 1048576K
}
Event: 222.499 GC heap before
{Heap before GC invocations=15 (full 0):
 garbage-first heap   total 48128K, used 40491K [0x0000000081400000, 0x0000000100000000)
  region size 1024K, 24 young (24576K), 2 survivors (2048K)
 Metaspace       used 34206K, committed 34688K, reserved 1114112K
  class space    used 4001K, committed 4224K, reserved 1048576K
}
Event: 222.502 GC heap after
{Heap after GC invocations=16 (full 0):
 garbage-first heap   total 48128K, used 18866K [0x0000000081400000, 0x0000000100000000)
  region size 1024K, 2 young (2048K), 2 survivors (2048K)
 Metaspace       used 34206K, committed 34688K, reserved 1114112K
  class space    used 4001K, committed 4224K, reserved 1048576K
}
Event: 235.063 GC heap before
{Heap before GC invocations=16 (full 0):
 garbage-first heap   total 48128K, used 40370K [0x0000000081400000, 0x0000000100000000)
  region size 1024K, 24 young (24576K), 2 survivors (2048K)
 Metaspace       used 34373K, committed 34880K, reserved 1114112K
  class space    used 4001K, committed 4224K, reserved 1048576K
}
Event: 235.066 GC heap after
{Heap after GC invocations=17 (full 0):
 garbage-first heap   total 48128K, used 18902K [0x0000000081400000, 0x0000000100000000)
  region size 1024K, 2 young (2048K), 2 survivors (2048K)
 Metaspace       used 34373K, committed 34880K, reserved 1114112K
  class space    used 4001K, committed 4224K, reserved 1048576K
}
Event: 254.698 GC heap before
{Heap before GC invocations=17 (full 0):
 garbage-first heap   total 48128K, used 40406K [0x0000000081400000, 0x0000000100000000)
  region size 1024K, 24 young (24576K), 2 survivors (2048K)
 Metaspace       used 34438K, committed 34880K, reserved 1114112K
  class space    used 4004K, committed 4224K, reserved 1048576K
}
Event: 254.704 GC heap after
{Heap after GC invocations=18 (full 0):
 garbage-first heap   total 48128K, used 18987K [0x0000000081400000, 0x0000000100000000)
  region size 1024K, 2 young (2048K), 2 survivors (2048K)
 Metaspace       used 34438K, committed 34880K, reserved 1114112K
  class space    used 4004K, committed 4224K, reserved 1048576K
}
Event: 280.961 GC heap before
{Heap before GC invocations=18 (full 0):
 garbage-first heap   total 48128K, used 40491K [0x0000000081400000, 0x0000000100000000)
  region size 1024K, 24 young (24576K), 2 survivors (2048K)
 Metaspace       used 34467K, committed 34944K, reserved 1114112K
  class space    used 4004K, committed 4224K, reserved 1048576K
}
Event: 280.965 GC heap after
{Heap after GC invocations=19 (full 0):
 garbage-first heap   total 48128K, used 18856K [0x0000000081400000, 0x0000000100000000)
  region size 1024K, 2 young (2048K), 2 survivors (2048K)
 Metaspace       used 34467K, committed 34944K, reserved 1114112K
  class space    used 4004K, committed 4224K, reserved 1048576K
}
Event: 1066.030 GC heap before
{Heap before GC invocations=19 (full 0):
 garbage-first heap   total 48128K, used 40360K [0x0000000081400000, 0x0000000100000000)
  region size 1024K, 24 young (24576K), 2 survivors (2048K)
 Metaspace       used 34544K, committed 35008K, reserved 1114112K
  class space    used 4010K, committed 4224K, reserved 1048576K
}
Event: 1066.033 GC heap after
{Heap after GC invocations=20 (full 0):
 garbage-first heap   total 48128K, used 19190K [0x0000000081400000, 0x0000000100000000)
  region size 1024K, 2 young (2048K), 2 survivors (2048K)
 Metaspace       used 34544K, committed 35008K, reserved 1114112K
  class space    used 4010K, committed 4224K, reserved 1048576K
}

Dll operation events (11 events):
Event: 0.013 Loaded shared library C:\Users\welcome\.p2\pool\plugins\org.eclipse.justj.openjdk.hotspot.jre.full.win32.x86_64_21.0.6.v20250130-0529\jre\bin\java.dll
Event: 0.054 Loaded shared library C:\Users\welcome\.p2\pool\plugins\org.eclipse.justj.openjdk.hotspot.jre.full.win32.x86_64_21.0.6.v20250130-0529\jre\bin\zip.dll
Event: 0.225 Loaded shared library C:\Users\welcome\.p2\pool\plugins\org.eclipse.justj.openjdk.hotspot.jre.full.win32.x86_64_21.0.6.v20250130-0529\jre\bin\net.dll
Event: 0.228 Loaded shared library C:\Users\welcome\.p2\pool\plugins\org.eclipse.justj.openjdk.hotspot.jre.full.win32.x86_64_21.0.6.v20250130-0529\jre\bin\nio.dll
Event: 0.238 Loaded shared library C:\Users\welcome\.p2\pool\plugins\org.eclipse.justj.openjdk.hotspot.jre.full.win32.x86_64_21.0.6.v20250130-0529\jre\bin\zip.dll
Event: 0.527 Loaded shared library C:\Users\welcome\.p2\pool\plugins\org.eclipse.justj.openjdk.hotspot.jre.full.win32.x86_64_21.0.6.v20250130-0529\jre\bin\jimage.dll
Event: 0.718 Loaded shared library C:\Users\welcome\.p2\pool\plugins\org.eclipse.justj.openjdk.hotspot.jre.full.win32.x86_64_21.0.6.v20250130-0529\jre\bin\extnet.dll
Event: 2.584 Loaded shared library C:\Users\welcome\.p2\pool\plugins\org.eclipse.justj.openjdk.hotspot.jre.full.win32.x86_64_21.0.6.v20250130-0529\jre\bin\verify.dll
Event: 2.932 Loaded shared library C:\Users\welcome\.p2\pool\plugins\org.eclipse.justj.openjdk.hotspot.jre.full.win32.x86_64_21.0.6.v20250130-0529\jre\bin\management.dll
Event: 2.935 Loaded shared library C:\Users\welcome\.p2\pool\plugins\org.eclipse.justj.openjdk.hotspot.jre.full.win32.x86_64_21.0.6.v20250130-0529\jre\bin\management_ext.dll
Event: 4.200 Loaded shared library C:\Users\welcome\.p2\pool\plugins\org.eclipse.justj.openjdk.hotspot.jre.full.win32.x86_64_21.0.6.v20250130-0529\jre\bin\sunmscapi.dll

Deoptimization events (20 events):
Event: 642.524 Thread 0x0000025075357270 DEOPT PACKING pc=0x0000025022d5c934 sp=0x000000c9ebfff060
Event: 642.524 Thread 0x0000025075357270 DEOPT UNPACKING pc=0x00000250225346a2 sp=0x000000c9ebfff008 mode 2
Event: 642.525 Thread 0x0000025075354480 Uncommon trap: trap_request=0xffffff45 fr.pc=0x0000025022d7b7bc relative=0x000000000000077c
Event: 642.525 Thread 0x0000025075354480 Uncommon trap: reason=unstable_if action=reinterpret pc=0x0000025022d7b7bc method=java.util.concurrent.CompletableFuture.uniWhenComplete(Ljava/lang/Object;Ljava/util/function/BiConsumer;Ljava/util/concurrent/CompletableFuture$UniWhenComplete;)Z @ 7 c2
Event: 642.525 Thread 0x0000025075354480 DEOPT PACKING pc=0x0000025022d7b7bc sp=0x000000c9edffef10
Event: 642.525 Thread 0x0000025075354480 DEOPT UNPACKING pc=0x00000250225346a2 sp=0x000000c9edffeef8 mode 2
Event: 663.562 Thread 0x0000025075357270 Uncommon trap: trap_request=0xffffff45 fr.pc=0x0000025022dc19b4 relative=0x0000000000003434
Event: 663.563 Thread 0x0000025075357270 Uncommon trap: reason=unstable_if action=reinterpret pc=0x0000025022dc19b4 method=sun.nio.ch.WEPollSelectorImpl.toReadyOps(I)I @ 34 c2
Event: 663.563 Thread 0x0000025075357270 DEOPT PACKING pc=0x0000025022dc19b4 sp=0x000000c9ebffef90
Event: 663.563 Thread 0x0000025075357270 DEOPT UNPACKING pc=0x00000250225346a2 sp=0x000000c9ebffede0 mode 2
Event: 1067.851 Thread 0x000002501761fe90 Uncommon trap: trap_request=0xffffff45 fr.pc=0x0000025022d3431c relative=0x00000000000006fc
Event: 1067.851 Thread 0x000002501761fe90 Uncommon trap: reason=unstable_if action=reinterpret pc=0x0000025022d3431c method=java.lang.Class.arrayContentsEq([Ljava/lang/Object;[Ljava/lang/Object;)Z @ 57 c2
Event: 1067.851 Thread 0x000002501761fe90 DEOPT PACKING pc=0x0000025022d3431c sp=0x000000c9ec2fcbf0
Event: 1067.852 Thread 0x000002501761fe90 DEOPT UNPACKING pc=0x00000250225346a2 sp=0x000000c9ec2fcb20 mode 2
Event: 1067.856 Thread 0x000002501761fe90 Uncommon trap: trap_request=0xffffff45 fr.pc=0x0000025022d150f4 relative=0x00000000000000d4
Event: 1067.856 Thread 0x000002501761fe90 Uncommon trap: reason=unstable_if action=reinterpret pc=0x0000025022d150f4 method=java.lang.Class.arrayContentsEq([Ljava/lang/Object;[Ljava/lang/Object;)Z @ 57 c2
Event: 1067.856 Thread 0x000002501761fe90 DEOPT PACKING pc=0x0000025022d150f4 sp=0x000000c9ec2fcb20
Event: 1067.856 Thread 0x000002501761fe90 DEOPT UNPACKING pc=0x00000250225346a2 sp=0x000000c9ec2fcab0 mode 2
Event: 1069.875 Thread 0x000002501761fe90 DEOPT PACKING pc=0x000002501b3492c6 sp=0x000000c9ec2fbd60
Event: 1069.875 Thread 0x000002501761fe90 DEOPT UNPACKING pc=0x0000025022534e42 sp=0x000000c9ec2fb2e0 mode 0

Classes loaded (20 events):
Event: 45.719 Loading class java/lang/Throwable$WrappedPrintWriter
Event: 45.719 Loading class java/lang/Throwable$PrintStreamOrWriter
Event: 45.719 Loading class java/lang/Throwable$PrintStreamOrWriter done
Event: 45.719 Loading class java/lang/Throwable$WrappedPrintWriter done
Event: 45.846 Loading class java/util/Base64$Decoder
Event: 45.846 Loading class java/util/Base64$Decoder done
Event: 60.205 Loading class java/lang/StringUTF16$CodePointsSpliterator
Event: 60.205 Loading class java/lang/StringUTF16$CodePointsSpliterator done
Event: 60.205 Loading class java/util/stream/FindOps$FindSink$OfInt
Event: 60.205 Loading class java/util/stream/FindOps$FindSink$OfInt done
Event: 60.206 Loading class java/util/OptionalInt
Event: 60.206 Loading class java/util/OptionalInt done
Event: 60.229 Loading class java/lang/StringUTF16$CharsSpliterator
Event: 60.229 Loading class java/lang/StringUTF16$CharsSpliterator done
Event: 62.452 Loading class java/lang/foreign/MemorySegment
Event: 62.453 Loading class java/lang/foreign/MemorySegment done
Event: 663.556 Loading class sun/net/www/protocol/http/HttpURLConnection$10
Event: 663.556 Loading class sun/net/www/protocol/http/HttpURLConnection$10 done
Event: 663.563 Loading class sun/net/ConnectionResetException
Event: 663.564 Loading class sun/net/ConnectionResetException done

Classes unloaded (0 events):
No events

Classes redefined (0 events):
No events

Internal exceptions (20 events):
Event: 281.454 Thread 0x0000025075eef550 Exception <a 'java/net/ConnectException'{0x0000000086b1a5a8}: Connection refused: getsockopt> (0x0000000086b1a5a8) 
thrown [s\src\hotspot\share\prims\jni.cpp, line 539]
Event: 663.564 Thread 0x0000025075357270 Exception <a 'sun/net/ConnectionResetException'{0x00000000869f0ae0}: Connection reset> (0x00000000869f0ae0) 
thrown [s\src\hotspot\share\prims\jni.cpp, line 539]
Event: 664.219 Thread 0x0000025075355ec0 Exception <a 'java/net/ConnectException'{0x0000000086877478}: Connection refused: getsockopt> (0x0000000086877478) 
thrown [s\src\hotspot\share\prims\jni.cpp, line 539]
Event: 664.230 Thread 0x0000025075355ec0 Exception <a 'java/net/ConnectException'{0x0000000083918750}: Connection refused: getsockopt> (0x0000000083918750) 
thrown [s\src\hotspot\share\prims\jni.cpp, line 539]
Event: 664.261 Thread 0x0000025075355ec0 Exception <a 'java/net/ConnectException'{0x0000000083919748}: Connection refused: getsockopt> (0x0000000083919748) 
thrown [s\src\hotspot\share\prims\jni.cpp, line 539]
Event: 670.432 Thread 0x0000025075355ec0 Exception <a 'sun/net/ConnectionResetException'{0x000000008380ce58}: Connection reset> (0x000000008380ce58) 
thrown [s\src\hotspot\share\prims\jni.cpp, line 539]
Event: 670.433 Thread 0x0000025075355ec0 Exception <a 'java/net/ConnectException'{0x000000008380da38}: Connection refused: getsockopt> (0x000000008380da38) 
thrown [s\src\hotspot\share\prims\jni.cpp, line 539]
Event: 673.364 Thread 0x0000025075355ec0 Exception <a 'java/net/ConnectException'{0x0000000083811798}: Connection refused: getsockopt> (0x0000000083811798) 
thrown [s\src\hotspot\share\prims\jni.cpp, line 539]
Event: 673.382 Thread 0x0000025075355ec0 Exception <a 'java/net/ConnectException'{0x0000000083812710}: Connection refused: getsockopt> (0x0000000083812710) 
thrown [s\src\hotspot\share\prims\jni.cpp, line 539]
Event: 673.414 Thread 0x0000025075355ec0 Exception <a 'java/net/ConnectException'{0x0000000083813688}: Connection refused: getsockopt> (0x0000000083813688) 
thrown [s\src\hotspot\share\prims\jni.cpp, line 539]
Event: 1056.831 Thread 0x0000025075356550 Exception <a 'sun/net/ConnectionResetException'{0x00000000832fceb8}: Connection reset> (0x00000000832fceb8) 
thrown [s\src\hotspot\share\prims\jni.cpp, line 539]
Event: 1064.804 Thread 0x00000250740559f0 Exception <a 'java/net/ConnectException'{0x00000000831051b8}: Connection refused: getsockopt> (0x00000000831051b8) 
thrown [s\src\hotspot\share\prims\jni.cpp, line 539]
Event: 1064.821 Thread 0x00000250740559f0 Exception <a 'java/net/ConnectException'{0x0000000082eccd78}: Connection refused: getsockopt> (0x0000000082eccd78) 
thrown [s\src\hotspot\share\prims\jni.cpp, line 539]
Event: 1064.852 Thread 0x00000250740559f0 Exception <a 'java/net/ConnectException'{0x0000000082ecdd70}: Connection refused: getsockopt> (0x0000000082ecdd70) 
thrown [s\src\hotspot\share\prims\jni.cpp, line 539]
Event: 1068.167 Thread 0x00000250740559f0 Exception <a 'java/net/ConnectException'{0x0000000086c7b6b0}: Connection refused: getsockopt> (0x0000000086c7b6b0) 
thrown [s\src\hotspot\share\prims\jni.cpp, line 539]
Event: 1068.684 Thread 0x00000250740559f0 Exception <a 'java/net/ConnectException'{0x0000000086c7c6c8}: Connection refused: getsockopt> (0x0000000086c7c6c8) 
thrown [s\src\hotspot\share\prims\jni.cpp, line 539]
Event: 1068.707 Thread 0x00000250740559f0 Exception <a 'java/net/ConnectException'{0x0000000086c7d6c0}: Connection refused: getsockopt> (0x0000000086c7d6c0) 
thrown [s\src\hotspot\share\prims\jni.cpp, line 539]
Event: 1070.710 Thread 0x00000250740559f0 Exception <a 'java/net/ConnectException'{0x0000000083bdbd48}: Connection refused: getsockopt> (0x0000000083bdbd48) 
thrown [s\src\hotspot\share\prims\jni.cpp, line 539]
Event: 1071.180 Thread 0x00000250740559f0 Exception <a 'java/net/ConnectException'{0x0000000083bdcd60}: Connection refused: getsockopt> (0x0000000083bdcd60) 
thrown [s\src\hotspot\share\prims\jni.cpp, line 539]
Event: 1071.203 Thread 0x00000250740559f0 Exception <a 'java/net/ConnectException'{0x0000000083bddd58}: Connection refused: getsockopt> (0x0000000083bddd58) 
thrown [s\src\hotspot\share\prims\jni.cpp, line 539]

ZGC Phase Switch (0 events):
No events

VM Operations (20 events):
Event: 720.924 Executing VM operation: HandshakeAllThreads (HandshakeForDeflation)
Event: 720.925 Executing VM operation: HandshakeAllThreads (HandshakeForDeflation) done
Event: 720.925 Executing VM operation: RendezvousGCThreads
Event: 720.925 Executing VM operation: RendezvousGCThreads done
Event: 856.674 Executing VM operation: Cleanup
Event: 856.674 Executing VM operation: Cleanup done
Event: 1021.655 Executing VM operation: HandshakeAllThreads (HandshakeForDeflation)
Event: 1021.655 Executing VM operation: HandshakeAllThreads (HandshakeForDeflation) done
Event: 1021.655 Executing VM operation: RendezvousGCThreads
Event: 1021.655 Executing VM operation: RendezvousGCThreads done
Event: 1066.030 Executing VM operation: G1CollectForAllocation (G1 Evacuation Pause)
Event: 1066.034 Executing VM operation: G1CollectForAllocation (G1 Evacuation Pause) done
Event: 1067.048 Executing VM operation: Cleanup
Event: 1067.048 Executing VM operation: Cleanup done
Event: 1068.057 Executing VM operation: Cleanup
Event: 1068.057 Executing VM operation: Cleanup done
Event: 1069.072 Executing VM operation: Cleanup
Event: 1069.072 Executing VM operation: Cleanup done
Event: 1070.072 Executing VM operation: Cleanup
Event: 1070.074 Executing VM operation: Cleanup done

Memory protections (0 events):
No events

Nmethod flushes (0 events):
No events

Events (20 events):
Event: 1070.339 Thread 0x0000025075354480 Thread exited: 0x0000025075354480
Event: 1070.340 Thread 0x0000025075351d20 Thread exited: 0x0000025075351d20
Event: 1070.575 Thread 0x0000025075358620 Thread exited: 0x0000025075358620
Event: 1070.576 Thread 0x0000025075351690 Thread exited: 0x0000025075351690
Event: 1070.576 Thread 0x0000025075352a40 Thread exited: 0x0000025075352a40
Event: 1070.705 Thread 0x0000025075355ec0 Thread exited: 0x0000025075355ec0
Event: 1070.710 Thread 0x0000025075356be0 Thread exited: 0x0000025075356be0
Event: 1070.712 Thread 0x0000025075353760 Thread exited: 0x0000025075353760
Event: 1070.712 Thread 0x00000250753523b0 Thread exited: 0x00000250753523b0
Event: 1070.712 Thread 0x0000025075357f90 Thread exited: 0x0000025075357f90
Event: 1070.728 Thread 0x000002501761fe90 Thread added: 0x0000025075353760
Event: 1071.164 Thread 0x0000025075353760 Thread exited: 0x0000025075353760
Event: 1071.172 Thread 0x000002501761fe90 Thread added: 0x0000025075355ec0
Event: 1071.179 Thread 0x000002501761fe90 Thread added: 0x00000250753530d0
Event: 1071.179 Thread 0x000002501761fe90 Thread added: 0x0000025075356be0
Event: 1071.179 Thread 0x000002501761fe90 Thread added: 0x0000025075357f90
Event: 1071.239 Thread 0x000002501761fe90 Thread added: 0x0000025075358620
Event: 1071.241 Thread 0x0000025075355ec0 Thread added: 0x0000025075353760
Event: 1072.018 Thread 0x000002501761fe90 Thread added: 0x0000025075351690
Event: 1072.019 Thread 0x000002501761fe90 Thread added: 0x0000025075351d20


Dynamic libraries:
0x00007ff668ce0000 - 0x00007ff668cee000 	C:\Users\welcome\.p2\pool\plugins\org.eclipse.justj.openjdk.hotspot.jre.full.win32.x86_64_21.0.6.v20250130-0529\jre\bin\javaw.exe
0x00007ffb44610000 - 0x00007ffb44808000 	C:\Windows\SYSTEM32\ntdll.dll
0x00007ffb432c0000 - 0x00007ffb43382000 	C:\Windows\System32\KERNEL32.DLL
0x00007ffb41e00000 - 0x00007ffb420f6000 	C:\Windows\System32\KERNELBASE.dll
0x00007ffb42410000 - 0x00007ffb42510000 	C:\Windows\System32\ucrtbase.dll
0x00007ffb3b860000 - 0x00007ffb3b878000 	C:\Users\welcome\.p2\pool\plugins\org.eclipse.justj.openjdk.hotspot.jre.full.win32.x86_64_21.0.6.v20250130-0529\jre\bin\jli.dll
0x00007ffb3b840000 - 0x00007ffb3b85e000 	C:\Users\welcome\.p2\pool\plugins\org.eclipse.justj.openjdk.hotspot.jre.full.win32.x86_64_21.0.6.v20250130-0529\jre\bin\VCRUNTIME140.dll
0x00007ffb42740000 - 0x00007ffb428e1000 	C:\Windows\System32\USER32.dll
0x00007ffb41d30000 - 0x00007ffb41d52000 	C:\Windows\System32\win32u.dll
0x00007ffb31080000 - 0x00007ffb3131b000 	C:\Windows\WinSxS\amd64_microsoft.windows.common-controls_6595b64144ccf1df_6.0.19041.6456_none_60b8a6cb71f64256\COMCTL32.dll
0x00007ffb42690000 - 0x00007ffb426bb000 	C:\Windows\System32\GDI32.dll
0x00007ffb428f0000 - 0x00007ffb4298e000 	C:\Windows\System32\msvcrt.dll
0x00007ffb42510000 - 0x00007ffb42629000 	C:\Windows\System32\gdi32full.dll
0x00007ffb41d60000 - 0x00007ffb41dfd000 	C:\Windows\System32\msvcp_win.dll
0x00007ffb43390000 - 0x00007ffb433bf000 	C:\Windows\System32\IMM32.DLL
0x00007ffb3d4e0000 - 0x00007ffb3d4ec000 	C:\Users\welcome\.p2\pool\plugins\org.eclipse.justj.openjdk.hotspot.jre.full.win32.x86_64_21.0.6.v20250130-0529\jre\bin\vcruntime140_1.dll
0x00007ffb31f70000 - 0x00007ffb31ffd000 	C:\Users\welcome\.p2\pool\plugins\org.eclipse.justj.openjdk.hotspot.jre.full.win32.x86_64_21.0.6.v20250130-0529\jre\bin\msvcp140.dll
0x00007ffb030e0000 - 0x00007ffb03e70000 	C:\Users\welcome\.p2\pool\plugins\org.eclipse.justj.openjdk.hotspot.jre.full.win32.x86_64_21.0.6.v20250130-0529\jre\bin\server\jvm.dll
0x00007ffb430e0000 - 0x00007ffb43191000 	C:\Windows\System32\ADVAPI32.dll
0x00007ffb42be0000 - 0x00007ffb42c7f000 	C:\Windows\System32\sechost.dll
0x00007ffb43970000 - 0x00007ffb43a90000 	C:\Windows\System32\RPCRT4.dll
0x00007ffb42360000 - 0x00007ffb42387000 	C:\Windows\System32\bcrypt.dll
0x00007ffb43250000 - 0x00007ffb432bb000 	C:\Windows\System32\WS2_32.dll
0x00007ffb41b00000 - 0x00007ffb41b4b000 	C:\Windows\SYSTEM32\POWRPROF.dll
0x00007ffb30c40000 - 0x00007ffb30c67000 	C:\Windows\SYSTEM32\WINMM.dll
0x00007ffb36630000 - 0x00007ffb3663a000 	C:\Windows\SYSTEM32\VERSION.dll
0x00007ffb41ae0000 - 0x00007ffb41af2000 	C:\Windows\SYSTEM32\UMPDC.dll
0x00007ffb3fb10000 - 0x00007ffb3fb22000 	C:\Windows\SYSTEM32\kernel.appcore.dll
0x00007ffb3b7b0000 - 0x00007ffb3b7ba000 	C:\Users\welcome\.p2\pool\plugins\org.eclipse.justj.openjdk.hotspot.jre.full.win32.x86_64_21.0.6.v20250130-0529\jre\bin\jimage.dll
0x00007ffb38d10000 - 0x00007ffb38f11000 	C:\Windows\SYSTEM32\DBGHELP.DLL
0x00007ffb39300000 - 0x00007ffb39334000 	C:\Windows\SYSTEM32\dbgcore.DLL
0x00007ffb41ca0000 - 0x00007ffb41d22000 	C:\Windows\System32\bcryptPrimitives.dll
0x00007ffb322e0000 - 0x00007ffb322ff000 	C:\Users\welcome\.p2\pool\plugins\org.eclipse.justj.openjdk.hotspot.jre.full.win32.x86_64_21.0.6.v20250130-0529\jre\bin\java.dll
0x00007ffb43e60000 - 0x00007ffb445d0000 	C:\Windows\System32\SHELL32.dll
0x00007ffb3fd10000 - 0x00007ffb404b5000 	C:\Windows\SYSTEM32\windows.storage.dll
0x00007ffb43b00000 - 0x00007ffb43e54000 	C:\Windows\System32\combase.dll
0x00007ffb415f0000 - 0x00007ffb4161b000 	C:\Windows\SYSTEM32\Wldp.dll
0x00007ffb42f60000 - 0x00007ffb4302d000 	C:\Windows\System32\OLEAUT32.dll
0x00007ffb431a0000 - 0x00007ffb4324d000 	C:\Windows\System32\SHCORE.dll
0x00007ffb43910000 - 0x00007ffb4396b000 	C:\Windows\System32\shlwapi.dll
0x00007ffb41bd0000 - 0x00007ffb41bf4000 	C:\Windows\SYSTEM32\profapi.dll
0x00007ffb30db0000 - 0x00007ffb30dc8000 	C:\Users\welcome\.p2\pool\plugins\org.eclipse.justj.openjdk.hotspot.jre.full.win32.x86_64_21.0.6.v20250130-0529\jre\bin\zip.dll
0x00007ffb3b2e0000 - 0x00007ffb3b2f0000 	C:\Users\welcome\.p2\pool\plugins\org.eclipse.justj.openjdk.hotspot.jre.full.win32.x86_64_21.0.6.v20250130-0529\jre\bin\net.dll
0x00007ffb3a820000 - 0x00007ffb3a92a000 	C:\Windows\SYSTEM32\WINHTTP.dll
0x00007ffb41350000 - 0x00007ffb413ba000 	C:\Windows\system32\mswsock.dll
0x00007ffb30d90000 - 0x00007ffb30da6000 	C:\Users\welcome\.p2\pool\plugins\org.eclipse.justj.openjdk.hotspot.jre.full.win32.x86_64_21.0.6.v20250130-0529\jre\bin\nio.dll
0x00007ffb41070000 - 0x00007ffb4113a000 	C:\Windows\SYSTEM32\DNSAPI.dll
0x00007ffb41030000 - 0x00007ffb4106b000 	C:\Windows\SYSTEM32\IPHLPAPI.DLL
0x00007ffb43a90000 - 0x00007ffb43a98000 	C:\Windows\System32\NSI.dll
0x00007ffb388c0000 - 0x00007ffb388ca000 	C:\Windows\System32\rasadhlp.dll
0x00007ffb3a400000 - 0x00007ffb3a480000 	C:\Windows\System32\fwpuclnt.dll
0x00007ffb3b8b0000 - 0x00007ffb3b8b9000 	C:\Users\welcome\.p2\pool\plugins\org.eclipse.justj.openjdk.hotspot.jre.full.win32.x86_64_21.0.6.v20250130-0529\jre\bin\extnet.dll
0x00007ffb41550000 - 0x00007ffb41568000 	C:\Windows\SYSTEM32\CRYPTSP.dll
0x00007ffb40c70000 - 0x00007ffb40ca8000 	C:\Windows\system32\rsaenh.dll
0x00007ffb41b50000 - 0x00007ffb41b7e000 	C:\Windows\SYSTEM32\USERENV.dll
0x00007ffb41540000 - 0x00007ffb4154c000 	C:\Windows\SYSTEM32\CRYPTBASE.dll
0x00007ffb3b940000 - 0x00007ffb3b950000 	C:\Users\welcome\.p2\pool\plugins\org.eclipse.justj.openjdk.hotspot.jre.full.win32.x86_64_21.0.6.v20250130-0529\jre\bin\verify.dll
0x00007ffb3b8c0000 - 0x00007ffb3b8ca000 	C:\Users\welcome\.p2\pool\plugins\org.eclipse.justj.openjdk.hotspot.jre.full.win32.x86_64_21.0.6.v20250130-0529\jre\bin\management.dll
0x00007ffb3b830000 - 0x00007ffb3b83b000 	C:\Users\welcome\.p2\pool\plugins\org.eclipse.justj.openjdk.hotspot.jre.full.win32.x86_64_21.0.6.v20250130-0529\jre\bin\management_ext.dll
0x00007ffb430c0000 - 0x00007ffb430c8000 	C:\Windows\System32\PSAPI.DLL
0x00007ffb2b710000 - 0x00007ffb2b727000 	C:\Windows\system32\napinsp.dll
0x00007ffb28960000 - 0x00007ffb2897b000 	C:\Windows\system32\pnrpnsp.dll
0x00007ffb27810000 - 0x00007ffb2782d000 	C:\Windows\system32\wshbth.dll
0x00007ffb3c1c0000 - 0x00007ffb3c1dd000 	C:\Windows\system32\NLAapi.dll
0x00007ffb28940000 - 0x00007ffb28952000 	C:\Windows\System32\winrnr.dll
0x00007ffb3b930000 - 0x00007ffb3b93e000 	C:\Users\welcome\.p2\pool\plugins\org.eclipse.justj.openjdk.hotspot.jre.full.win32.x86_64_21.0.6.v20250130-0529\jre\bin\sunmscapi.dll
0x00007ffb421b0000 - 0x00007ffb4230d000 	C:\Windows\System32\CRYPT32.dll
0x00007ffb41660000 - 0x00007ffb41687000 	C:\Windows\SYSTEM32\ncrypt.dll
0x00007ffb41620000 - 0x00007ffb4165b000 	C:\Windows\SYSTEM32\NTASN1.dll
0x00007ffb3b7c0000 - 0x00007ffb3b7c7000 	C:\Windows\system32\wshunix.dll

dbghelp: loaded successfully - version: 4.0.5 - missing functions: none
symbol engine: initialized successfully - sym options: 0x614 - pdb path: .;C:\Users\welcome\.p2\pool\plugins\org.eclipse.justj.openjdk.hotspot.jre.full.win32.x86_64_21.0.6.v20250130-0529\jre\bin;C:\Windows\SYSTEM32;C:\Windows\WinSxS\amd64_microsoft.windows.common-controls_6595b64144ccf1df_6.0.19041.6456_none_60b8a6cb71f64256;C:\Users\welcome\.p2\pool\plugins\org.eclipse.justj.openjdk.hotspot.jre.full.win32.x86_64_21.0.6.v20250130-0529\jre\bin\server

VM Arguments:
jvm_args: -ea -Dfile.encoding=UTF-8 -Dstdout.encoding=UTF-8 -Dstderr.encoding=UTF-8 -XX:+ShowCodeDetailsInExceptionMessages 
java_command: org.testng.remote.RemoteTestNG -serport 63510 -protocol json -d D:\Cucumber\CucumberWorkSpace\NagarPalikaRawatsar\test-output C:\Users\welcome\AppData\Local\Temp\testng-eclipse-1468230594\testng-customsuite.xml
java_class_path (initial): C:\Users\welcome\eclipse\java-2025-03\eclipse\configuration\org.eclipse.osgi\525\0\.cp\lib\testng-remote.jar;D:\Cucumber\CucumberWorkSpace\NagarPalikaRawatsar\target\test-classes;D:\Cucumber\CucumberWorkSpace\NagarPalikaRawatsar\target\classes;C:\Users\welcome\.m2\repository\io\cucumber\cucumber-java\7.18.1\cucumber-java-7.18.1.jar;C:\Users\welcome\.m2\repository\io\cucumber\cucumber-core\7.18.1\cucumber-core-7.18.1.jar;C:\Users\welcome\.m2\repository\io\cucumber\cucumber-gherkin\7.18.1\cucumber-gherkin-7.18.1.jar;C:\Users\welcome\.m2\repository\io\cucumber\cucumber-gherkin-messages\7.18.1\cucumber-gherkin-messages-7.18.1.jar;C:\Users\welcome\.m2\repository\io\cucumber\gherkin\28.0.0\gherkin-28.0.0.jar;C:\Users\welcome\.m2\repository\io\cucumber\messages\24.1.0\messages-24.1.0.jar;C:\Users\welcome\.m2\repository\io\cucumber\testng-xml-formatter\0.2.0\testng-xml-formatter-0.2.0.jar;C:\Users\welcome\.m2\repository\io\cucumber\query\12.2.0\query-12.2.0.jar;C:\Users\welcome\.m2\repository\io\cucumber\tag-expressions\6.1.0\tag-expressions-6.1.0.jar;C:\Users\welcome\.m2\repository\io\cucumber\cucumber-expressions\17.1.0\cucumber-expressions-17.1.0.jar;C:\Users\welcome\.m2\repository\io\cucumber\datatable\7.18.1\datatable-7.18.1.jar;C:\Users\welcome\.m2\repository\io\cucumber\cucumber-plugin\7.18.1\cucumber-plugin-7.18.1.jar;C:\Users\welcome\.m2\repository\io\cucumber\docstring\7.18.1\docstring-7.18.1.jar;C:\Users\welcome\.m2\repository\io\cucumber\html-formatter\21.4.1\html-formatter-21.4.1.jar;C:\Users\welcome\.m2\repository\io\cucumber\junit-xml-formatter\0.5.0\junit-xml-formatter-0.5.0.jar;C:\Users\welcome\.m2\repository\io\cucumber\ci-environment\10.0.1\ci-environment-10.0.1.jar;C:\Users\welcome\.m2\repository\org\apiguardian\apiguardian-api\1.1.2\apiguardian-api-1.1.2.jar;C:\Users\welcome\.m2\repository\org\seleniumhq\selenium\selenium-java\4.15.0\selenium-java-4.15.0.jar;C:\Users\welcome\.m2\repository\org\seleniumhq\selenium\selenium-api\4.15.0\selenium-api-4.15.0.jar;C:\Users\welcome\.m2\repository\org\seleniumhq\selenium\selenium-chrome-driver\4.15.0\selenium-chrome-driver-4.15.0.jar;C:\Users\welcome\.m2\repository\com\google\auto\service\auto-service-annotations\1.1.1\auto-service-annotations-1.1.1.jar;C:\Users\welcome\.m2\repository\org\seleniumhq\selenium\selenium-chromium-driver\4.15.0\selenium-chromium-driver-4.15.0.jar;C:\Users\welcome\.m2\repository\org\seleniumhq\selenium\selenium-json\4.15.0\selenium-json-4.15.0.jar;C:\Users\welcome\.m2\repository\org\seleniumhq\selenium\selenium-manager\4.15.0\selenium-manager-4.15.0.jar;C:\Users\welcome\.m2\repository\org\seleniumhq\selenium\selenium-devtools-v117\4.15.0\selenium-devtools-v117-4.15.0.jar;C:\Users\welcome\.m2\repository\org\seleniumhq\selenium\selenium-devtools-v118\4.15.0\selenium-devtools-v118-4.15.0.jar;C:\Users\welcome\.m2\repository\org\seleniumhq\selenium\selenium-devtools-v119\4.15.0\selenium-devtools-v119-4.15.0.jar;C:\Users\welcome\.m2\repository\org\seleniumhq\selenium\selenium-devtools-v85\4.15.0\selenium-devtools-v85-4.15.0.jar;C:\Users\welcome\.m2\repository\org\seleniumhq\selenium\selenium-edge-driver\4.15.0\selenium-edge-driver-4.15.0.jar;C:\Users\welcome\.m2\repository\org\seleniumhq\selenium\selenium-firefox-driver\4.15.0\selenium-firefox-driver-4.15.0.jar;C:\Users\welcome\.m2\repository\org\seleniumhq\selenium\selenium-http\4.15.0\selenium-http-4.15.0.jar;C:\Users\welcome\.m2\repository\dev\failsafe\failsafe\3.3.2\failsafe-3.3.2.jar;C:\Users\welcome\.m2\repository\org\seleniumhq\selenium\selenium-ie-driver\4.15.0\selenium-ie-driver-4.15.0.jar;C:\Users\welcome\.m2\repository\org\seleniumhq\selenium\selenium-remote-driver\4.15.0\selenium-remote-driver-4.15.0.jar;C:\Users\welcome\.m2\repository\com\google\guava\guava\32.1.2-jre\guava-32.1.2-jre.jar;C:\Users\welcome\.m2\repository\com\google\guava\failureaccess\1.0.1\failureaccess-1.0.1.jar;C:\Users\welcome\.m2\repository\com\google\guava\listenablefuture\9999.0-empty-to-avoid-conflict-with-guava\listenablefuture-9999.0-empty-to-avoid-conflict-with-guava.jar;C:\Users\welcome\.m2\repository\com\google\code\findbugs\jsr305\3.0.2\jsr305-3.0.2.jar;C:\Users\welcome\.m2\repository\org\checkerframework\checker-qual\3.33.0\checker-qual-3.33.0.jar;C:\Users\welcome\.m2\repository\com\google\errorprone\error_prone_annotations\2.18.0\error_prone_annotations-2.18.0.jar;C:\Users\welcome\.m2\repository\com\google\j2objc\j2objc-annotations\2.8\j2objc-annotations-2.8.jar;C:\Users\welcome\.m2\repository\io\opentelemetry\opentelemetry-api\1.28.0\opentelemetry-api-1.28.0.jar;C:\Users\welcome\.m2\repository\io\opentelemetry\opentelemetry-context\1.28.0\opentelemetry-context-1.28.0.jar;C:\Users\welcome\.m2\repository\io\opentelemetry\opentelemetry-exporter-logging\1.28.0\opentelemetry-exporter-logging-1.28.0.jar;C:\Users\welcome\.m2\repository\io\opentelemetry\opentelemetry-sdk-metrics\1.28.0\opentelemetry-sdk-metrics-1.28.0.jar;C:\Users\welcome\.m2\repository\io\opentelemetry\opentelemetry-extension-incubator\1.28.0-alpha\opentelemetry-extension-incubator-1.28.0-alpha.jar;C:\Users\welcome\.m2\repository\io\opentelemetry\opentelemetry-sdk-logs\1.28.0\opentelemetry-sdk-logs-1.28.0.jar;C:\Users\welcome\.m2\repository\io\opentelemetry\opentelemetry-sdk-common\1.28.0\opentelemetry-sdk-common-1.28.0.jar;C:\Users\welcome\.m2\repository\io\opentelemetry\opentelemetry-sdk-extension-autoconfigure-spi\1.28.0\opentelemetry-sdk-extension-autoconfigure-spi-1.28.0.jar;C:\Users\welcome\.m2\repository\io\opentelemetry\opentelemetry-sdk-extension-autoconfigure\1.28.0\opentelemetry-sdk-extension-autoconfigure-1.28.0.jar;C:\Users\welcome\.m2\repository\io\opentelemetry\opentelemetry-api-events\1.28.0-alpha\opentelemetry-api-events-1.28.0-alpha.jar;C:\Users\welcome\.m2\repository\io\opentelemetry\opentelemetry-sdk-trace\1.28.0\opentelemetry-sdk-trace-1.28.0.jar;C:\Users\welcome\.m2\repository\io\opentelemetry\opentelemetry-sdk\1.28.0\opentelemetry-sdk-1.28.0.jar;C:\Users\welcome\.m2\repository\io\opentelemetry\opentelemetry-semconv\1.28.0-alpha\opentelemetry-semconv-1.28.0-alpha.jar;C:\Users\welcome\.m2\repository\net\bytebuddy\byte-buddy\1.14.5\byte-buddy-1.14.5.jar;C:\Users\welcome\.m2\repository\org\seleniumhq\selenium\selenium-os\4.15.0\selenium-os-4.15.0.jar;C:\Users\welcome\.m2\repository\org\apache\commons\commons-exec\1.3\commons-exec-1.3.jar;C:\Users\welcome\.m2\repository\org\seleniumhq\selenium\selenium-safari-driver\4.15.0\selenium-safari-driver-4.15.0.jar;C:\Users\welcome\.m2\repository\org\seleniumhq\selenium\selenium-support\4.15.0\selenium-support-4.15.0.jar;C:\Users\welcome\.m2\repository\junit\junit\4.13.2\junit-4.13.2.jar;C:\Users\welcome\.m2\repository\org\hamcrest\hamcrest-core\1.3\hamcrest-core-1.3.jar;C:\Users\welcome\.m2\repository\org\apache\commons\commons-lang3\3.14.0\commons-lang3-3.14.0.jar;C:\Users\welcome\.m2\repository\commons-io\commons-io\2.11.0\commons-io-2.11.0.jar;C:\Users\welcome\.m2\repository\org\apache\logging\log4j\log4j-core\2.17.2\log4j-core-2.17.2.jar;C:\Users\welcome\.m2\repository\org\apache\logging\log4j\log4j-api\2.17.2\log4j-api-2.17.2.jar;C:\Users\welcome\.m2\repository\org\testng\testng\7.4.0\testng-7.4.0.jar;C:\Users\welcome\.m2\repository\com\beust\jcommander\1.78\jcommander-1.78.jar;C:\Users\welcome\.m2\repository\org\webjars\jquery\3.5.1\jquery-3.5.1.jar;C:\Users\welcome\.m2\repository\io\cucumber\cucumber-testng\7.18.1\cucumber-testng-7.18.1.jar;C:\Users\welcome\.m2\repository\tech\grasshopper\extentreports-cucumber7-adapter\1.14.0\extentreports-cucumber7-adapter-1.14.0.jar;C:\Users\welcome\.m2\repository\com\aventstack\extentreports\5.1.0\extentreports-5.1.0.jar;C:\Users\welcome\.m2\repository\io\reactivex\rxjava3\rxjava\3.1.6\rxjava-3.1.6.jar;C:\Users\welcome\.m2\repository\org\reactivestreams\reactive-streams\1.0.4\reactive-streams-1.0.4.jar;C:\Users\welcome\.m2\repository\org\freemarker\freemarker\2.3.32\freemarker-2.3.32.jar;C:\Users\welcome\.m2\repository\org\projectlombok\lombok\1.18.26\lombok-1.18.26.jar;C:\Users\welcome\.m2\repository\com\google\code\gson\gson\2.10.1\gson-2.10.1.jar;C:\Users\welcome\.m2\repository\tech\grasshopper\extent-pdf-report\2.12.0\extent-pdf-report-2.12.0.jar;C:\Users\welcome\.m2\repository\tech\grasshopper\cucumber-pdf-report\2.14.0\cucumber-pdf-report-2.14.0.jar;C:\Users\welcome\.m2\repository\org\apache\pdfbox\pdfbox\2.0.26\pdfbox-2.0.26.jar;C:\Users\welcome\.m2\repository\org\apache\pdfbox\fontbox\2.0.26\fontbox-2.0.26.jar;C:\Users\welcome\.m2\repository\org\knowm\xchart\xchart\3.8.0\xchart-3.8.0.jar;C:\Users\welcome\.m2\repository\de\erichseifert\vectorgraphics2d\VectorGraphics2D\0.13\VectorGraphics2D-0.13.jar;C:\Users\welcome\.m2\repository\de\rototor\pdfbox\graphics2d\0.30\graphics2d-0.30.jar;C:\Users\welcome\.m2\repository\com\madgag\animated-gif-lib\1.4\animated-gif-lib-1.4.jar;C:\Users\welcome\.m2\repository\org\yaml\snakeyaml\2.0\snakeyaml-2.0.jar;C:\Users\welcome\.m2\repository\tech\grasshopper\table-layout\1.5.1\table-layout-1.5.1.jar;C:\Users\welcome\.m2\repository\tech\grasshopper\rest-assured-cucumber-pdf-report\1.5.0\rest-assured-cucumber-pdf-report-1.5.0.jar;C:\Users\welcome\.m2\repository\org\jsoup\jsoup\1.15.3\jsoup-1.15.3.jar;C:\Users\welcome\.m2\repository\com\aventstack\klov-reporter\5.1.0\klov-reporter-5.1.0.jar;C:\Users\welcome\.m2\repository\org\mongodb\mongodb-driver\3.6.4\mongodb-driver-3.6.4.jar;C:\Users\welcome\.m2\repository\org\mongodb\mongodb-driver-core\3.6.4\mongodb-driver-core-3.6.4.jar;C:\Users\welcome\.m2\repository\org\mongodb\bson\3.6.4\bson-3.6.4.jar;C:\Users\welcome\.m2\repository\org\apache\httpcomponents\httpclient\4.5.13\httpclient-4.5.13.jar;C:\Users\welcome\.m2\repository\org\apache\httpcomponents\httpcore\4.4.13\httpcore-4.4.13.jar;C:\Users\welcome\.m2\repository\commons-logging\commons-logging\1.2\commons-logging-1.2.jar;C:\Users\welcome\.m2\repository\commons-codec\commons-codec\1.11\commons-codec-1.11.jar;C:\Users\welcome\.m2\repository\org\apache\httpcomponents\httpmime\4.5.13\httpmime-4.5.13.jar;C:\Users\welcome\.m2\repository\tech\grasshopper\htmlextentreporter\1.1.0\htmlextentreporter-1.1.0.jar;C:\Users\welcome\.m2\repository\tech\grasshopper\extent-excel-report\1.4.0\extent-excel-report-1.4.0.jar;C:\Users\welcome\.m2\repository\org\apache\poi\poi\5.2.3\poi-5.2.3.jar;C:\Users\welcome\.m2\repository\org\apache\commons\commons-collections4\4.4\commons-collections4-4.4.jar;C:\Users\welcome\.m2\repository\org\apache\commons\commons-math3\3.6.1\commons-math3-3.6.1.jar;C:\Users\welcome\.m2\repository\com\zaxxer\SparseBitSet\1.2\SparseBitSet-1.2.jar;C:\Users\welcome\.m2\repository\org\apache\poi\poi-ooxml\5.2.3\poi-ooxml-5.2.3.jar;C:\Users\welcome\.m2\repository\org\apache\poi\poi-ooxml-lite\5.2.3\poi-ooxml-lite-5.2.3.jar;C:\Users\welcome\.m2\repository\org\apache\xmlbeans\xmlbeans\5.1.1\xmlbeans-5.1.1.jar;C:\Users\welcome\.m2\repository\org\apache\commons\commons-compress\1.21\commons-compress-1.21.jar;C:\Users\welcome\.m2\repository\com\github\virtuald\curvesapi\1.07\curvesapi-1.07.jar
Launcher Type: SUN_STANDARD

[Global flags]
     intx CICompilerCount                          = 3                                         {product} {ergonomic}
     uint ConcGCThreads                            = 1                                         {product} {ergonomic}
     uint G1ConcRefinementThreads                  = 4                                         {product} {ergonomic}
   size_t G1HeapRegionSize                         = 1048576                                   {product} {ergonomic}
    uintx GCDrainStackTargetSize                   = 64                                        {product} {ergonomic}
   size_t InitialHeapSize                          = 134217728                                 {product} {ergonomic}
   size_t MarkStackSize                            = 4194304                                   {product} {ergonomic}
   size_t MaxHeapSize                              = 2126512128                                {product} {ergonomic}
   size_t MaxNewSize                               = 1275068416                                {product} {ergonomic}
   size_t MinHeapDeltaBytes                        = 1048576                                   {product} {ergonomic}
   size_t MinHeapSize                              = 8388608                                   {product} {ergonomic}
    uintx NonNMethodCodeHeapSize                   = 5832780                                {pd product} {ergonomic}
    uintx NonProfiledCodeHeapSize                  = 122912730                              {pd product} {ergonomic}
    uintx ProfiledCodeHeapSize                     = 122912730                              {pd product} {ergonomic}
    uintx ReservedCodeCacheSize                    = 251658240                              {pd product} {ergonomic}
     bool SegmentedCodeCache                       = true                                      {product} {ergonomic}
     bool ShowCodeDetailsInExceptionMessages       = true                                   {manageable} {command line}
   size_t SoftMaxHeapSize                          = 2126512128                             {manageable} {ergonomic}
     bool UseCompressedOops                        = true                           {product lp64_product} {ergonomic}
     bool UseG1GC                                  = true                                      {product} {ergonomic}
     bool UseLargePagesIndividualAllocation        = false                                  {pd product} {ergonomic}

Logging:
Log output configuration:
 #0: stdout all=warning uptime,level,tags foldmultilines=false
 #1: stderr all=off uptime,level,tags foldmultilines=false

Environment Variables:
JAVA_HOME=C:\Program Files\Java\jdk-21
PATH=C:/Users/welcome/.p2/pool/plugins/org.eclipse.justj.openjdk.hotspot.jre.full.win32.x86_64_21.0.6.v20250130-0529/jre/bin/server;C:/Users/welcome/.p2/pool/plugins/org.eclipse.justj.openjdk.hotspot.jre.full.win32.x86_64_21.0.6.v20250130-0529/jre/bin;C:\Program Files\Common Files\Oracle\Java\javapath;C:\Windows\system32;C:\Windows;C:\Windows\System32\Wbem;C:\Windows\System32\WindowsPowerShell\v1.0\;C:\Windows\System32\OpenSSH\;C:\Program Files\Maven\apache-maven-3.9.9-bin\apache-maven-3.9.9\bin;C:\Program Files\nodejs\;C:\Program Files\nodejs\node_modules;%JAVA_HOME%\bin;C:\Program Files\Git\cmd;C:\Users\welcome\AppData\Local\Microsoft\WindowsApps;C:\Users\welcome\AppData\Roaming\npm;C:\Program Files\Java\jdk-21\bin;;C:\Users\welcome\eclipse\java-2025-03\eclipse;
USERNAME=welcome
OS=Windows_NT
PROCESSOR_IDENTIFIER=Intel64 Family 6 Model 61 Stepping 4, GenuineIntel
TMP=C:\Users\welcome\AppData\Local\Temp
TEMP=C:\Users\welcome\AppData\Local\Temp




Periodic native trim disabled

---------------  S Y S T E M  ---------------

OS:
 Windows 10 , 64 bit Build 19041 (10.0.19041.5915)
OS uptime: 18 days 4:34 hours

CPU: total 4 (initial active 4) (2 cores per cpu, 2 threads per core) family 6 model 61 stepping 4 microcode 0x2d, cx8, cmov, fxsr, ht, mmx, 3dnowpref, sse, sse2, sse3, ssse3, sse4.1, sse4.2, popcnt, lzcnt, tsc, tscinvbit, avx, avx2, aes, erms, clmul, bmi1, bmi2, adx, fma, vzeroupper, clflush, rdtscp, f16c
Processor Information for the first 4 processors :
  Max Mhz: 2201, Current Mhz: 2201, Mhz Limit: 2201

Memory: 4k page, system-wide physical 8107M (609M free)
TotalPageFile size 26053M (AvailPageFile size 4M)
current process WorkingSet (physical memory assigned to process): 172M, peak: 184M
current process commit charge ("private bytes"): 197M, peak: 267M

vm_info: OpenJDK 64-Bit Server VM (21.0.6+7-LTS) for windows-amd64 JRE (21.0.6+7-LTS), built on 2025-01-21T00:00:00Z by "admin" with MS VC++ 17.7 (VS2022)

END.
